// Vitest Snapshot v1, https://vitest.dev/guide/snapshot.html

exports[`component > should generate the expected HTML string for default input 1`] = `
"
  <label for="">
    <slot name="label"></slot>
  </label>
  <input
    
    
    
    
    
    
    
    
    
    
    
  />
  <slot name="validity"></slot>
"
`;

exports[`component > should include attributes when properties are set 1`] = `
"
  <label for="email">
    <slot name="label"></slot>
  </label>
  <input
    id="email"
    inputmode="numeric"
    max="100"
    maxlength="10"
    min="1"
    minlength="1"
    name="age"
    type="number"
    value="42"
    readonly
    required
  />
  <slot name="validity"></slot>
"
`;

exports[`input component > should generate the expected HTML string for default input 1`] = `
"
  <label for="">
    <slot name="label"></slot>
  </label>
  <input
    
    
    
    
    
    
    
    
    
    
    
  />
  <slot name="validity"></slot>
"
`;

exports[`input component > should include attributes when properties are set 1`] = `
"
  <label for="email">
    <slot name="label"></slot>
  </label>
  <input
    id="email"
    inputmode="numeric"
    max="100"
    maxlength="10"
    min="1"
    minlength="1"
    name="age"
    type="number"
    value="42"
    readonly
    required
  />
  <slot name="validity"></slot>
"
`;
