// Vitest Snapshot v1, https://vitest.dev/guide/snapshot.html

exports[`style > gera o bloco de styles CSS esperado 1`] = `":host {  }"`;
