// Vitest Snapshot v1, https://vitest.dev/guide/snapshot.html

exports[`button style > gera o CSS esperado com valores customizados e onlyIcon 1`] = `":host {  }"`;

exports[`button style > gera o CSS esperado com valores padrÃ£o 1`] = `":host {  }"`;
