// Vitest Snapshot v1, https://vitest.dev/guide/snapshot.html

exports[`style > gera o bloco de styles CSS esperado 1`] = `":host { color: var(--text-secondary); display: inline-flex; font-family: var(--font-family-base); font-size: var(--font-size-text-sm); font-weight: var(--font-weight-medium); gap: var(--spacing-sm); line-height: var(--line-height-text-sm); }"`;
